=== 2026-09-09 21:36:32 stage stilt-h2cm-b000 target=400 ===
MISSING_FINAL_CKPT logs/rsl_rl/stilt_locomotion/2026-09-09_21-36-45_stilt-h2cm-b000/model_400.pt
SKIP stilt-h2cm-b000（已完成）
=== 2026-09-09 22:18:03 stage stilt-h2cm-b025 target=500 (+100) ===
=== 2026-09-09 22:21:52 stage stilt-h2cm-b050 target=600 (+100) ===
=== 2026-09-09 22:25:29 stage stilt-h3cm-b050 target=700 (+100) ===
=== 2026-09-09 22:29:06 stage stilt-h4cm-b050 target=800 (+100) ===
=== 2026-09-09 22:32:41 stage stilt-h5cm-b050 target=2000 (+1200) ===
=== 2026-09-09 23:10:42 stage stilt-h7.5cm-b050 target=2100 (+100) ===
=== 2026-09-09 23:14:19 stage stilt-h10cm-b050 target=2200 (+100) ===
GATE h=10cm survival=0.998046875 ckpt=logs/rsl_rl/stilt_locomotion/2026-09-09_23-14-31_stilt-h10cm-b050/model_2192.pt
=== 2026-09-09 23:18:21 stage stilt-h12.5cm-b050 target=2300 (+100) ===
=== 2026-09-09 23:21:56 stage stilt-h15cm-b050 target=2400 (+100) ===
GATE h=15cm survival=0.9990234375 ckpt=logs/rsl_rl/stilt_locomotion/2026-09-09_23-22-09_stilt-h15cm-b050/model_2390.pt
=== 2026-09-09 23:26:02 stage stilt-h17.5cm-b050 target=2500 (+100) ===
=== 2026-09-09 23:29:35 stage stilt-h20cm-b050 target=2600 (+100) ===
GATE h=20cm survival=1.0 ckpt=logs/rsl_rl/stilt_locomotion/2026-09-09_23-29-47_stilt-h20cm-b050/model_2588.pt
=== 2026-09-09 23:33:44 stage stilt-h22.5cm-b050 target=2700 (+100) ===
=== 2026-09-09 23:37:17 stage stilt-h25cm-b050 target=2800 (+100) ===
GATE h=25cm survival=1.0 ckpt=logs/rsl_rl/stilt_locomotion/2026-09-09_23-37-30_stilt-h25cm-b050/model_2786.pt
=== 2026-09-09 23:41:24 stage stilt-h27.5cm-b050 target=2900 (+100) ===
=== 2026-09-09 23:44:57 stage stilt-h30cm-b050 target=3000 (+100) ===
=== 2026-09-09 23:48:32 stage stilt-h35cm-b050 target=3100 (+100) ===
=== 2026-09-09 23:52:07 stage stilt-h40cm-b050 target=3200 (+100) ===
=== 2026-09-09 23:55:40 stage stilt-h45cm-b050 target=3300 (+100) ===
=== 2026-09-09 23:59:18 stage stilt-h50cm-b050 target=3400 (+100) ===
GATE h=50cm survival=1.0 ckpt=logs/rsl_rl/stilt_locomotion/2026-09-09_23-59-30_stilt-h50cm-b050/model_3380.pt
=== 2026-09-10 00:03:25 stage stilt-h55cm-b050 target=3500 (+100) ===
=== 2026-09-10 00:06:56 stage stilt-h60cm-b050 target=3600 (+100) ===
=== 2026-09-10 00:10:32 stage stilt-h70cm-b050 target=3700 (+100) ===
=== 2026-09-10 00:14:06 stage stilt-h80cm-b050 target=3800 (+100) ===
=== 2026-09-10 00:17:41 stage stilt-h90cm-b050 target=3900 (+100) ===
=== 2026-09-10 00:21:17 stage stilt-h100cm-b050 target=4000 (+100) ===
GATE h=100cm survival=1.0 ckpt=logs/rsl_rl/stilt_locomotion/2026-09-10_00-21-30_stilt-h100cm-b050/model_3974.pt
=== 2026-09-10 00:25:25 stage stilt-h110cm-b050 target=4100 (+100) ===
=== 2026-09-10 00:28:59 stage stilt-h120cm-b050 target=4200 (+100) ===
=== 2026-09-10 00:32:36 stage stilt-h140cm-b050 target=4300 (+100) ===
GATE h=140cm survival=0.9892578125 ckpt=logs/rsl_rl/stilt_locomotion/2026-09-10_00-32-48_stilt-h140cm-b050/model_4271.pt
=== 2026-09-10 00:36:40 stage stilt-h150cm-b050 target=4600 (+300) ===
=== 2026-09-10 00:46:32 stage stilt-h160cm-b050 target=4950 (+350) ===
=== 2026-09-10 00:58:02 stage stilt-h170cm-b050 target=5300 (+350) ===
=== 2026-09-10 01:09:39 stage stilt-h180cm-b050 target=5650 (+350) ===
=== 2026-09-10 01:21:11 stage stilt-h190cm-b050 target=6000 (+350) ===
=== 2026-09-10 01:32:42 stage stilt-h200cm-b050 target=6500 (+500) ===
GATE h=200cm survival=0.9990234375 ckpt=logs/rsl_rl/stilt_locomotion/2026-09-10_01-32-55_stilt-h200cm-b050/model_6465.pt
ALL_STAGES_DONE 2026-09-10 01:49:36
